Ôû▓ Next.js 16.2.1 (Turbopack)
- Environments: .env
- Experiments (use with caution):
  Ô£ô authInterrupts

  Creating an optimized production build ...
Ô£ô Compiled successfully in 11.1s
  Running TypeScript ...
node.exe : Failed to type check.
En línea: 1 Carácter: 1
+ & "C:\Program Files\nodejs/node.exe" "C:\Program Files\nodejs/node_mo ...
+ ~~~~~~~~~~~~~~~~~~~~~~~~~~~~~~~~~~~~~~~~~~~~~~~~~~~~~~~~~~~~~~~~~~~~~
    + CategoryInfo          : NotSpecified: (Failed to type check.:String) [], RemoteException
    + FullyQualifiedErrorId : NativeCommandError
 

./components/quotes/quote-actions.tsx:6:10
Type error: Module '"@/actions/quotes"' has no exported member 'changeQuoteStatus'.

  [90m4 |[0m [36mimport[0m { useRouter } [36mfrom[0m [32m'next/navigation'[0m
  [90m5 |[0m [36mimport[0m { [33mButton[0m } [36mfrom[0m [32m'@/components/ui/button'[0m
[31m[1m>[0m [90m6 |[0m [36mimport[0m { changeQuoteStatus, approveQuote } [36mfrom[0m 
[32m'@/actions/quotes'[0m
  [90m  |[0m          [31m[1m^[0m
  [90m7 |[0m [36mimport[0m { [33mCheckCircle[0m, [33mSend[0m, [33mXCircle[0m, 
[33mRotateCcw[0m } [36mfrom[0m [32m'lucide-react'[0m
  [90m8 |[0m
  [90m9 |[0m [36mtype[0m [33mProps[0m = {
Next.js build worker exited with code: 1 and signal: null
